BATCH RUN STARTED: 2026-09-13T10:30:14.015Z

FILE 214 — SUBMITTED — 37/37 VERIFIED
FILE 215 — SUBMITTED — 37/37 VERIFIED
FILE 216 — SUBMITTED — 37/37 VERIFIED
FILE 217 — SUBMITTED — 37/37 VERIFIED
FILE 218 — SUBMITTED — 37/37 VERIFIED
FILE 219 — SUBMITTED — 37/37 VERIFIED
FILE 220 — SUBMITTED — 37/37 VERIFIED
FILE 221 — SUBMITTED — 37/37 VERIFIED
FILE 222 — SUBMITTED — 37/37 VERIFIED
FILE 223 — SUBMITTED — 37/37 VERIFIED
FILE 224 — SUBMITTED — 37/37 VERIFIED
FILE 225 — SUBMITTED — 37/37 VERIFIED
FILE 226 — SUBMITTED — 37/37 VERIFIED
FILE 227 — SUBMITTED — 37/37 VERIFIED
FILE 228 — SUBMITTED — 37/37 VERIFIED
FILE 229 — SUBMITTED — 37/37 VERIFIED
FILE 230 — SUBMITTED — 37/37 VERIFIED
FILE 231 — SUBMITTED — 37/37 VERIFIED
FILE 232 — SUBMITTED — 37/37 VERIFIED
FILE 233 — SUBMITTED — 37/37 VERIFIED
FILE 234 — SUBMITTED — 37/37 VERIFIED
FILE 235 — SUBMITTED — 37/37 VERIFIED
FILE 236 — SUBMITTED — 37/37 VERIFIED
FILE 237 — SUBMITTED — 37/37 VERIFIED
FILE 238 — SUBMITTED — 37/37 VERIFIED
FILE 239 — SUBMITTED — 37/37 VERIFIED
FILE 240 — SUBMITTED — 37/37 VERIFIED
FILE 241 — SUBMITTED — 37/37 VERIFIED
FILE 242 — SUBMITTED — 37/37 VERIFIED
FILE 243 — SUBMITTED — 37/37 VERIFIED
FILE 244 — SUBMITTED — 37/37 VERIFIED
FILE 245 — SUBMITTED — 37/37 VERIFIED
FILE 246 — SUBMITTED — 37/37 VERIFIED
FILE 247 — SUBMITTED — 37/37 VERIFIED
FILE 248 — SUBMITTED — 37/37 VERIFIED
FILE 249 — SUBMISSION ERROR — locator.click: Timeout 30000ms exceeded.
Call log:
[2m  - waiting for locator('button[type="submit"]').filter({ hasText: 'Submit Details' })[22m
[2m    - locator resolved to <button type="submit" tabindex="38" class="btn btn-primary">Submit Details</button>[22m
[2m  - attempting click action[22m
[2m    - waiting for element to be visible, enabled and stable[22m
[2m    - element is visible, enabled and stable[22m
[2m    - scrolling into view if needed[22m
[2m    - done scrolling[22m
[2m    - performing click action[22m
[2m    - click action done[22m
[2m    - waiting for scheduled navigations to finish[22m

FILE 250 — SUBMITTED — 37/37 VERIFIED
FILE 251 — SUBMITTED — 37/37 VERIFIED
FILE 252 — SUBMITTED — 37/37 VERIFIED
FILE 253 — SUBMITTED — 37/37 VERIFIED
FILE 254 — SUBMITTED — 37/37 VERIFIED
FILE 255 — SUBMITTED — 37/37 VERIFIED
FILE 256 — SUBMITTED — 37/37 VERIFIED
FILE 257 — SUBMITTED — 37/37 VERIFIED
FILE 258 — SUBMITTED — 37/37 VERIFIED
FILE 259 — SUBMITTED — 37/37 VERIFIED
FILE 260 — SUBMITTED — 37/37 VERIFIED
FILE 261 — SUBMITTED — 37/37 VERIFIED
FILE 262 — SUBMITTED — 37/37 VERIFIED
FILE 263 — SUBMITTED — 37/37 VERIFIED
FILE 264 — SUBMITTED — 37/37 VERIFIED
FILE 265 — SUBMITTED — 37/37 VERIFIED
FILE 266 — SUBMITTED — 37/37 VERIFIED
FILE 267 — SUBMITTED — 37/37 VERIFIED
FILE 268 — SUBMITTED — 37/37 VERIFIED
FILE 269 — SUBMITTED — 37/37 VERIFIED
FILE 270 — SUBMITTED — 37/37 VERIFIED
FILE 271 — SUBMITTED — 37/37 VERIFIED
FILE 272 — SUBMITTED — 37/37 VERIFIED
FILE 273 — SUBMITTED — 37/37 VERIFIED
FILE 274 — SUBMITTED — 37/37 VERIFIED
FILE 275 — SUBMITTED — 37/37 VERIFIED
FILE 276 — SUBMITTED — 37/37 VERIFIED
FILE 277 — SUBMITTED — 37/37 VERIFIED
FILE 278 — SUBMITTED — 37/37 VERIFIED
FILE 279 — SUBMITTED — 37/37 VERIFIED
FILE 280 — SUBMITTED — 37/37 VERIFIED
FILE 281 — SUBMITTED — 37/37 VERIFIED
FILE 282 — SUBMITTED — 37/37 VERIFIED
FILE 283 — SUBMITTED — 37/37 VERIFIED
FILE 284 — SUBMITTED — 37/37 VERIFIED
FILE 285 — SUBMITTED — 37/37 VERIFIED
FILE 286 — SUBMITTED — 37/37 VERIFIED
FILE 287 — SUBMITTED — 37/37 VERIFIED
FILE 288 — SUBMITTED — 37/37 VERIFIED
FILE 289 — SUBMITTED — 37/37 VERIFIED
FILE 290 — SUBMITTED — 37/37 VERIFIED
FILE 291 — SUBMITTED — 37/37 VERIFIED
FILE 292 — SUBMITTED — 37/37 VERIFIED
FILE 293 — SUBMITTED — 37/37 VERIFIED
FILE 294 — SUBMITTED — 37/37 VERIFIED
FILE 295 — SUBMITTED — 37/37 VERIFIED
FILE 296 — SUBMITTED — 37/37 VERIFIED
FILE 297 — SUBMITTED — 37/37 VERIFIED
FILE 298 — SUBMITTED — 37/37 VERIFIED
FILE 299 — SUBMITTED — 37/37 VERIFIED
FILE 300 — SUBMITTED — 37/37 VERIFIED
FILE 301 — SUBMITTED — 37/37 VERIFIED
FILE 302 — SUBMITTED — 37/37 VERIFIED
FILE 303 — SUBMITTED — 37/37 VERIFIED
FILE 304 — SUBMITTED — 37/37 VERIFIED
FILE 305 — SUBMITTED — 37/37 VERIFIED
FILE 306 — SUBMITTED — 37/37 VERIFIED
FILE 307 — SUBMITTED — 37/37 VERIFIED
FILE 308 — SUBMITTED — 37/37 VERIFIED
FILE 309 — SUBMITTED — 37/37 VERIFIED
FILE 310 — SUBMITTED — 37/37 VERIFIED
FILE 311 — SUBMITTED — 37/37 VERIFIED
FILE 312 — SUBMITTED — 37/37 VERIFIED
FILE 313 — SUBMITTED — 37/37 VERIFIED
FILE 314 — SUBMITTED — 37/37 VERIFIED
FILE 315 — SUBMITTED — 37/37 VERIFIED
FILE 316 — SUBMITTED — 37/37 VERIFIED
FILE 317 — SUBMITTED — 37/37 VERIFIED
FILE 318 — SUBMITTED — 37/37 VERIFIED
FILE 319 — SUBMITTED — 37/37 VERIFIED
FILE 320 — SUBMITTED — 37/37 VERIFIED
FILE 321 — SUBMITTED — 37/37 VERIFIED
FILE 322 — SUBMITTED — 37/37 VERIFIED
FILE 323 — SUBMITTED — 37/37 VERIFIED
FILE 324 — SUBMITTED — 37/37 VERIFIED
FILE 325 — SUBMITTED — 37/37 VERIFIED
FILE 326 — SUBMITTED — 37/37 VERIFIED
FILE 327 — SUBMITTED — 37/37 VERIFIED
FILE 328 — SUBMITTED — 37/37 VERIFIED
FILE 329 — SUBMITTED — 37/37 VERIFIED
FILE 330 — SUBMITTED — 37/37 VERIFIED
FILE 331 — SUBMITTED — 37/37 VERIFIED
FILE 332 — SUBMITTED — 37/37 VERIFIED
FILE 333 — SUBMITTED — 37/37 VERIFIED
FILE 334 — SUBMITTED — 37/37 VERIFIED
FILE 335 — SUBMITTED — 37/37 VERIFIED
FILE 336 — SUBMITTED — 37/37 VERIFIED
FILE 337 — SUBMITTED — 37/37 VERIFIED
FILE 338 — SUBMITTED — 37/37 VERIFIED
FILE 339 — SUBMITTED — 37/37 VERIFIED
FILE 340 — SUBMITTED — 37/37 VERIFIED
FILE 341 — SUBMITTED — 37/37 VERIFIED
FILE 342 — SUBMITTED — 37/37 VERIFIED
FILE 343 — SUBMITTED — 37/37 VERIFIED
FILE 344 — SUBMITTED — 37/37 VERIFIED
FILE 345 — SUBMITTED — 37/37 VERIFIED
FILE 346 — SUBMITTED — 37/37 VERIFIED
FILE 347 — SUBMITTED — 37/37 VERIFIED
FILE 348 — SUBMITTED — 37/37 VERIFIED
FILE 349 — SUBMITTED — 37/37 VERIFIED
FILE 350 — SUBMITTED — 37/37 VERIFIED
FILE 351 — SUBMITTED — 37/37 VERIFIED
FILE 352 — SUBMITTED — 37/37 VERIFIED
FILE 353 — SUBMITTED — 37/37 VERIFIED
FILE 354 — SUBMITTED — 37/37 VERIFIED
FILE 355 — SUBMITTED — 37/37 VERIFIED
FILE 356 — SUBMITTED — 37/37 VERIFIED
FILE 357 — SUBMITTED — 37/37 VERIFIED
FILE 358 — SUBMITTED — 37/37 VERIFIED
FILE 359 — SUBMITTED — 37/37 VERIFIED
FILE 360 — SUBMITTED — 37/37 VERIFIED
FILE 361 — SUBMITTED — 37/37 VERIFIED
FILE 362 — SUBMITTED — 37/37 VERIFIED
FILE 363 — SUBMITTED — 37/37 VERIFIED
FILE 364 — SUBMITTED — 37/37 VERIFIED
FILE 365 — SUBMITTED — 37/37 VERIFIED
FILE 366 — SUBMITTED — 37/37 VERIFIED
FILE 367 — SUBMITTED — 37/37 VERIFIED
FILE 368 — SUBMITTED — 37/37 VERIFIED
FILE 369 — SUBMITTED — 37/37 VERIFIED
FILE 370 — SUBMITTED — 37/37 VERIFIED
FILE 371 — SUBMITTED — 37/37 VERIFIED
FILE 372 — SUBMITTED — 37/37 VERIFIED
FILE 373 — SUBMITTED — 37/37 VERIFIED
FILE 374 — SUBMITTED — 37/37 VERIFIED
FILE 375 — SUBMITTED — 37/37 VERIFIED
FILE 376 — SUBMITTED — 37/37 VERIFIED
FILE 377 — SUBMITTED — 37/37 VERIFIED
FILE 378 — SUBMITTED — 37/37 VERIFIED
FILE 379 — SUBMITTED — 37/37 VERIFIED
FILE 380 — SUBMITTED — 37/37 VERIFIED
FILE 381 — SUBMITTED — 37/37 VERIFIED
FILE 382 — SUBMITTED — 37/37 VERIFIED
FILE 383 — SUBMITTED — 37/37 VERIFIED
FILE 384 — SUBMITTED — 37/37 VERIFIED
FILE 385 — SUBMITTED — 37/37 VERIFIED
FILE 386 — SUBMITTED — 37/37 VERIFIED
FILE 387 — SUBMITTED — 37/37 VERIFIED
FILE 388 — SUBMITTED — 37/37 VERIFIED
FILE 389 — SUBMITTED — 37/37 VERIFIED
FILE 390 — SUBMITTED — 37/37 VERIFIED
FILE 391 — SUBMITTED — 37/37 VERIFIED
FILE 392 — SUBMITTED — 37/37 VERIFIED
FILE 393 — SUBMITTED — 37/37 VERIFIED
FILE 394 — SUBMITTED — 37/37 VERIFIED
FILE 395 — SUBMITTED — 37/37 VERIFIED
FILE 396 — SUBMITTED — 37/37 VERIFIED
FILE 397 — SUBMITTED — 37/37 VERIFIED
FILE 398 — SUBMITTED — 37/37 VERIFIED
FILE 399 — SUBMITTED — 37/37 VERIFIED
FILE 400 — SUBMITTED — 37/37 VERIFIED
FILE 401 — SUBMITTED — 37/37 VERIFIED
FILE 402 — SUBMITTED — 37/37 VERIFIED
FILE 403 — SUBMITTED — 37/37 VERIFIED
FILE 404 — SUBMITTED — 37/37 VERIFIED
FILE 405 — SUBMITTED — 37/37 VERIFIED
FILE 406 — SUBMITTED — 37/37 VERIFIED
FILE 407 — SUBMITTED — 37/37 VERIFIED
FILE 408 — SUBMITTED — 37/37 VERIFIED
FILE 409 — SUBMITTED — 37/37 VERIFIED
FILE 410 — SUBMITTED — 37/37 VERIFIED
FILE 411 — SUBMITTED — 37/37 VERIFIED
FILE 412 — SUBMITTED — 37/37 VERIFIED
FILE 413 — SUBMITTED — 37/37 VERIFIED
FILE 414 — SUBMITTED — 37/37 VERIFIED
FILE 415 — SUBMITTED — 37/37 VERIFIED
FILE 416 — SUBMITTED — 37/37 VERIFIED
FILE 417 — SUBMITTED — 37/37 VERIFIED
FILE 418 — SUBMITTED — 37/37 VERIFIED
FILE 419 — SUBMITTED — 37/37 VERIFIED
FILE 420 — SUBMITTED — 37/37 VERIFIED
FILE 421 — SUBMITTED — 37/37 VERIFIED
FILE 422 — SUBMITTED — 37/37 VERIFIED
FILE 423 — SUBMITTED — 37/37 VERIFIED
FILE 424 — SUBMITTED — 37/37 VERIFIED
FILE 425 — SUBMITTED — 37/37 VERIFIED
FILE 426 — SUBMITTED — 37/37 VERIFIED
FILE 427 — SUBMITTED — 37/37 VERIFIED
FILE 428 — SUBMITTED — 37/37 VERIFIED
FILE 429 — SUBMITTED — 37/37 VERIFIED
FILE 430 — SUBMITTED — 37/37 VERIFIED
FILE 431 — SUBMITTED — 37/37 VERIFIED
FILE 432 — SUBMITTED — 37/37 VERIFIED
FILE 433 — SUBMITTED — 37/37 VERIFIED
FILE 434 — SUBMITTED — 37/37 VERIFIED
FILE 435 — SUBMITTED — 37/37 VERIFIED
FILE 436 — SUBMITTED — 37/37 VERIFIED
FILE 437 — SUBMITTED — 37/37 VERIFIED
FILE 438 — SUBMITTED — 37/37 VERIFIED
FILE 439 — SUBMITTED — 37/37 VERIFIED
FILE 440 — SUBMITTED — 37/37 VERIFIED
FILE 441 — SUBMITTED — 37/37 VERIFIED
FILE 442 — SUBMITTED — 37/37 VERIFIED
FILE 443 — SUBMITTED — 37/37 VERIFIED
FILE 444 — SUBMITTED — 37/37 VERIFIED
FILE 445 — SUBMITTED — 37/37 VERIFIED
FILE 446 — SUBMITTED — 37/37 VERIFIED
FILE 447 — SUBMITTED — 37/37 VERIFIED
FILE 448 — SUBMITTED — 37/37 VERIFIED
FILE 449 — SUBMITTED — 37/37 VERIFIED
FILE 450 — SUBMITTED — 37/37 VERIFIED
FILE 451 — SUBMITTED — 37/37 VERIFIED
FILE 452 — SUBMITTED — 37/37 VERIFIED
FILE 453 — SUBMITTED — 37/37 VERIFIED
FILE 454 — SUBMITTED — 37/37 VERIFIED
FILE 455 — SUBMITTED — 37/37 VERIFIED
FILE 456 — SUBMITTED — 37/37 VERIFIED
FILE 457 — SUBMITTED — 37/37 VERIFIED
FILE 458 — SUBMITTED — 37/37 VERIFIED
FILE 459 — SUBMITTED — 37/37 VERIFIED
FILE 460 — SUBMITTED — 37/37 VERIFIED
FILE 461 — SUBMITTED — 37/37 VERIFIED
FILE 462 — SUBMITTED — 37/37 VERIFIED
FILE 463 — SUBMITTED — 37/37 VERIFIED
FILE 464 — SUBMITTED — 37/37 VERIFIED
FILE 465 — SUBMITTED — 37/37 VERIFIED
FILE 466 — SUBMITTED — 37/37 VERIFIED
FILE 467 — SUBMITTED — 37/37 VERIFIED
FILE 468 — SUBMITTED — 37/37 VERIFIED
FILE 469 — SUBMITTED — 37/37 VERIFIED
FILE 470 — SUBMITTED — 37/37 VERIFIED
FILE 471 — SUBMITTED — 37/37 VERIFIED
FILE 472 — SUBMITTED — 37/37 VERIFIED
FILE 473 — SUBMITTED — 37/37 VERIFIED
FILE 474 — SUBMITTED — 37/37 VERIFIED
FILE 475 — SUBMITTED — 37/37 VERIFIED
FILE 476 — SUBMITTED — 37/37 VERIFIED
FILE 477 — SUBMITTED — 37/37 VERIFIED
FILE 478 — SUBMITTED — 37/37 VERIFIED
FILE 479 — SUBMITTED — 37/37 VERIFIED
FILE 480 — SUBMITTED — 37/37 VERIFIED
FILE 481 — SUBMITTED — 37/37 VERIFIED
FILE 482 — SUBMITTED — 37/37 VERIFIED
FILE 483 — SUBMITTED — 37/37 VERIFIED
FILE 484 — SUBMITTED — 37/37 VERIFIED
FILE 485 — SUBMITTED — 37/37 VERIFIED
FILE 486 — SUBMITTED — 37/37 VERIFIED
FILE 487 — SUBMITTED — 37/37 VERIFIED
FILE 488 — SUBMITTED — 37/37 VERIFIED
FILE 489 — SUBMITTED — 37/37 VERIFIED
FILE 490 — SUBMITTED — 37/37 VERIFIED
FILE 491 — SUBMITTED — 37/37 VERIFIED
FILE 492 — SUBMITTED — 37/37 VERIFIED
FILE 493 — SUBMITTED — 37/37 VERIFIED
FILE 494 — SUBMITTED — 37/37 VERIFIED
FILE 495 — SUBMITTED — 37/37 VERIFIED
FILE 496 — SUBMITTED — 37/37 VERIFIED
FILE 497 — SUBMITTED — 37/37 VERIFIED
FILE 498 — SUBMITTED — 37/37 VERIFIED
FILE 499 — SUBMITTED — 37/37 VERIFIED
FILE 500 — SUBMITTED — 37/37 VERIFIED
